// Jest Snapshot v1, https://goo.gl/fbAQLP

exports[`matches snapshot 1`] = `
<DocumentFragment>
  <section
    class="col-md-4"
  >
    <div
      class="card"
    >
      <div
        class="card-body"
      >
        <h5
          class="font-weight-bold text-center card-title"
        >
          drink Menu
        </h5>
        <p
          class="card-text"
        >
          <span>
            Some quick example text to build on the card title and make up the bulk of the card's content.
          </span>
        </p>
        <ul
          class="list-group"
        >
          <a
            href="/drink/martini"
          >
            <li
              class="list-group-item"
            >
              Martini
            </li>
          </a>
          <a
            href="/drink/negroni"
          >
            <li
              class="list-group-item"
            >
              Negroni
            </li>
          </a>
          <a
            href="/drink/gin-and-tonic"
          >
            <li
              class="list-group-item"
            >
              Gin and Tonic
            </li>
          </a>
          <a
            href="/drink/diet-coke"
          >
            <li
              class="list-group-item"
            >
              Diet Coke
            </li>
          </a>
          <a
            href="/drink/Boba-Milk-tea"
          >
            <li
              class="list-group-item"
            >
              Boba Milk tea
            </li>
          </a>
        </ul>
      </div>
    </div>
  </section>
</DocumentFragment>
`;
