// Jest Snapshot v1, https://goo.gl/fbAQLP

exports[`should match snapshot 1`] = `
<DocumentFragment>
  <form
    class="w-25"
  >
    <div
      class="position-relative form-group"
    >
      <label
        class=""
        for="category"
      >
        Select
      </label>
      <select
        class="form-control"
        id="category"
        name="category"
      >
        <option
          value="snack"
        >
          Snack
        </option>
        <option
          value="drink"
        >
          Drink
        </option>
      </select>
    </div>
    <div
      class="position-relative form-group"
    >
      <label
        class=""
        for="itemName"
      >
        Name
      </label>
      <input
        class="form-control"
        id="itemName"
        name="itemName"
        type="text"
      />
    </div>
    <div
      class="position-relative form-group"
    >
      <label
        class=""
        for="description"
      >
        Description
      </label>
      <textarea
        class="form-control"
        id="description"
        name="description"
      />
    </div>
    <div
      class="position-relative form-group"
    >
      <label
        class=""
        for="recipe"
      >
        Recipe
      </label>
      <textarea
        class="form-control"
        id="recipe"
        name="recipe"
      />
    </div>
    <div
      class="position-relative form-group"
    >
      <label
        class=""
        for="serve"
      >
        Serve
      </label>
      <textarea
        class="form-control"
        id="serve"
        name="serve"
      />
    </div>
    <button
      class="btn btn-secondary"
      type="button"
    >
      Submit
    </button>
  </form>
</DocumentFragment>
`;
